
=== Log Started at 2025-04-17 15:49:09 ===
[2025-04-17 15:49:09] A
[2025-04-17 15:49:09] B
[2025-04-17 15:49:09] C
[2025-04-17 15:49:09] === DSM Connection Process Started ===
[2025-04-17 15:49:09] Attempting to load DSM from: TWAINDSM.dll
[2025-04-17 15:49:09] DSM library loaded successfully, state set to 2
[2025-04-17 15:49:09] DSM_Entry Parameters: Origin=0x000001EEE2BE5658, Dest=0x0000000000000000, DG=0x1, DAT=0x4, MSG=0x301, Data=0x000001EEE2BE5650
[2025-04-17 15:49:09] DSM_Entry Parameters: Origin=0x000001EEE2BE5658, Dest=0x0000000000000000, DG=0x1, DAT=0x403, MSG=0x1, Data=0x00000001801EB340
[2025-04-17 15:49:09] === Starting Get Sources Process ===
[2025-04-17 15:49:09] Current DSM State: 3
[2025-04-17 15:49:09] Verifying data sources list is empty
[2025-04-17 15:49:09] Getting first data source...
[2025-04-17 15:49:09] DSM_Entry Parameters: Origin=0x000001EEE2BE5658, Dest=0x0000000000000000, DG=0x1, DAT=0x3, MSG=0x4, Data=0x0000008EC3FFF690
[2025-04-17 15:49:09] First source query return code: 0
[2025-04-17 15:49:09] First source found: KODAK Scanner: i2000
[2025-04-17 15:49:09] Getting remaining sources...
[2025-04-17 15:49:09] DSM_Entry Parameters: Origin=0x000001EEE2BE5658, Dest=0x0000000000000000, DG=0x1, DAT=0x3, MSG=0x5, Data=0x0000008EC3FFF690
[2025-04-17 15:49:09] Next source query return code: 0
[2025-04-17 15:49:09] Additional source found: TWAIN2 Software Scanner
[2025-04-17 15:49:09] DSM_Entry Parameters: Origin=0x000001EEE2BE5658, Dest=0x0000000000000000, DG=0x1, DAT=0x3, MSG=0x5, Data=0x0000008EC3FFF690
[2025-04-17 15:49:09] Next source query return code: 7
[2025-04-17 15:49:09] Reached end of sources list
[2025-04-17 15:49:09] Total sources found: 2
[2025-04-17 15:49:09] === Get Sources Process Completed ===
[2025-04-17 15:49:09] === DSM Connection Process Completed ===
[2025-04-17 15:49:09] D
[2025-04-17 15:49:09] E
[2025-04-17 15:49:09] F
[2025-04-17 15:49:09] G
[2025-04-17 15:49:09] === Starting Data Source Loading Process ===
[2025-04-17 15:49:09] Attempting to load DS with ID: 2
[2025-04-17 15:49:09] Current DSM State: 3
[2025-04-17 15:49:09] Reinitializing support flags
[2025-04-17 15:49:09] Searching for data source with ID: 2
[2025-04-17 15:49:09] Checking source ID: 1
[2025-04-17 15:49:09] Checking source ID: 2
[2025-04-17 15:49:09] Found matching data source
[2025-04-17 15:49:09] Attempting to open data source...
[2025-04-17 15:49:09] DSM_Entry Parameters: Origin=0x000001EEE2BE5658, Dest=0x0000000000000000, DG=0x1, DAT=0x3, MSG=0x401, Data=0x000001EEE2BF381C
[2025-04-17 15:49:09] DSM_Entry return code: 0
[2025-04-17 15:49:09] Data source successfully opened
[2025-04-17 15:49:09] DSM State set to 4
[2025-04-17 15:49:09] Checking callback support for Windows...
[2025-04-17 15:49:09] DSM2 and DS2 support detected, registering callback
[2025-04-17 15:49:09] DSM_Entry Parameters: Origin=0x000001EEE2BE5658, Dest=0x000001EEE2BF381C, DG=0x1, DAT=0x10, MSG=0x902, Data=0x0000008EC3FFF7F8
[2025-04-17 15:49:09] DSM_Entry Parameters: Origin=0x000001EEE2BE5658, Dest=0x000001EEE2BF381C, DG=0x1, DAT=0x10, MSG=0x902, Data=0x0000008EC3FFF7F8
[2025-04-17 15:49:09] Callback registered successfully
[2025-04-17 15:49:09] === Data Source Loading Process Completed ===
[2025-04-17 15:49:09] DSM_Entry Parameters: Origin=0x000001EEE2BE5658, Dest=0x000001EEE2BF381C, DG=0x1, DAT=0x1, MSG=0x1, Data=0x000001EEE2BE57C8
[2025-04-17 15:49:09] DSM_Entry Parameters: Origin=0x000001EEE2BE5658, Dest=0x000001EEE2BF381C, DG=0x1, DAT=0x1, MSG=0x1, Data=0x000001EEE2BE57C8
[2025-04-17 15:49:09] DSM_Entry Parameters: Origin=0x000001EEE2BE5658, Dest=0x000001EEE2BF381C, DG=0x1, DAT=0x1, MSG=0x1, Data=0x000001EEE2BE5804
[2025-04-17 15:49:09] DSM_Entry Parameters: Origin=0x000001EEE2BE5658, Dest=0x000001EEE2BF381C, DG=0x1, DAT=0x1, MSG=0x1, Data=0x000001EEE2BE5804
[2025-04-17 15:49:09] DSM_Entry Parameters: Origin=0x000001EEE2BE5658, Dest=0x000001EEE2BF381C, DG=0x1, DAT=0x1, MSG=0x1, Data=0x000001EEE2BE57D4
[2025-04-17 15:49:09] DSM_Entry Parameters: Origin=0x000001EEE2BE5658, Dest=0x000001EEE2BF381C, DG=0x1, DAT=0x1, MSG=0x1, Data=0x000001EEE2BE57D4
[2025-04-17 15:49:09] DSM_Entry Parameters: Origin=0x000001EEE2BE5658, Dest=0x000001EEE2BF381C, DG=0x1, DAT=0x1, MSG=0x1, Data=0x000001EEE2BE57E0
[2025-04-17 15:49:09] DSM_Entry Parameters: Origin=0x000001EEE2BE5658, Dest=0x000001EEE2BF381C, DG=0x1, DAT=0x1, MSG=0x1, Data=0x000001EEE2BE57E0
[2025-04-17 15:49:09] DSM_Entry Parameters: Origin=0x000001EEE2BE5658, Dest=0x000001EEE2BF381C, DG=0x1, DAT=0x1, MSG=0x1, Data=0x000001EEE2BE57EC
[2025-04-17 15:49:09] DSM_Entry Parameters: Origin=0x000001EEE2BE5658, Dest=0x000001EEE2BF381C, DG=0x1, DAT=0x1, MSG=0x1, Data=0x000001EEE2BE57EC
[2025-04-17 15:49:09] DSM_Entry Parameters: Origin=0x000001EEE2BE5658, Dest=0x000001EEE2BF381C, DG=0x1, DAT=0x1, MSG=0x1, Data=0x000001EEE2BE57F8
[2025-04-17 15:49:09] DSM_Entry Parameters: Origin=0x000001EEE2BE5658, Dest=0x000001EEE2BF381C, DG=0x1, DAT=0x1, MSG=0x1, Data=0x000001EEE2BE57F8
[2025-04-17 15:49:09] DSM_Entry Parameters: Origin=0x000001EEE2BE5658, Dest=0x000001EEE2BF381C, DG=0x1, DAT=0x1, MSG=0x1, Data=0x000001EEE2BE5810
[2025-04-17 15:49:09] DSM_Entry Parameters: Origin=0x000001EEE2BE5658, Dest=0x000001EEE2BF381C, DG=0x1, DAT=0x1, MSG=0x1, Data=0x000001EEE2BE5810
[2025-04-17 15:49:09] DSM_Entry Parameters: Origin=0x000001EEE2BE5658, Dest=0x000001EEE2BF381C, DG=0x1, DAT=0x1, MSG=0x1, Data=0x000001EEE2BE581C
[2025-04-17 15:49:09] DSM_Entry Parameters: Origin=0x000001EEE2BE5658, Dest=0x000001EEE2BF381C, DG=0x1, DAT=0x1, MSG=0x1, Data=0x000001EEE2BE581C
[2025-04-17 15:49:09] DSM_Entry Parameters: Origin=0x000001EEE2BE5658, Dest=0x000001EEE2BF381C, DG=0x1, DAT=0x1, MSG=0x1, Data=0x000001EEE2BE5828
[2025-04-17 15:49:09] DSM_Entry Parameters: Origin=0x000001EEE2BE5658, Dest=0x000001EEE2BF381C, DG=0x1, DAT=0x1, MSG=0x1, Data=0x000001EEE2BE5828
[2025-04-17 15:49:09] DSM_Entry Parameters: Origin=0x000001EEE2BE5658, Dest=0x000001EEE2BF381C, DG=0x1, DAT=0x1, MSG=0x1, Data=0x000001EEE2BE5834
[2025-04-17 15:49:09] DSM_Entry Parameters: Origin=0x000001EEE2BE5658, Dest=0x000001EEE2BF381C, DG=0x1, DAT=0x1, MSG=0x1, Data=0x000001EEE2BE5834
[2025-04-17 15:49:09] H
[2025-04-17 15:49:09] I
[2025-04-17 15:49:09] === Starting Enable Data Source Process ===
[2025-04-17 15:49:09] Input Parameters:
[2025-04-17 15:49:09] - Window Handle (hWnd): 0000000000010010
[2025-04-17 15:49:09] - Show UI Flag: 0
[2025-04-17 15:49:09] Current DSM State: 4
[2025-04-17 15:49:09] Current UI Settings:
[2025-04-17 15:49:09] - ShowUI: 52685
[2025-04-17 15:49:09] - ModalUI: 52685
[2025-04-17 15:49:09] - hParent: CDCDCDCDCDCDCDCD
[2025-04-17 15:49:09] New UI Settings:
[2025-04-17 15:49:09] - ShowUI: 0
[2025-04-17 15:49:09] - ModalUI: 1
[2025-04-17 15:49:09] - hParent: 0000000000010010
[2025-04-17 15:49:09] Changing DSM State from 4 to 5
[2025-04-17 15:49:09] DSM_Entry Parameters:
[2025-04-17 15:49:09] - DG_CONTROL: 1
[2025-04-17 15:49:09] - DAT_USERINTERFACE: 9
[2025-04-17 15:49:09] - MSG_ENABLEDS: 1282
[2025-04-17 15:49:09] Calling DSM_Entry...
[2025-04-17 15:49:09] DSM_Entry Parameters: Origin=0x000001EEE2BE5658, Dest=0x000001EEE2BF381C, DG=0x1, DAT=0x9, MSG=0x502, Data=0x000001EEE2BE57B8
[2025-04-17 15:49:09] DSM_Entry Parameters: Origin=0x000001EEE2BE5658, Dest=0x000001EEE2BF381C, DG=0x1, DAT=0x9, MSG=0x502, Data=0x000001EEE2BE57B8
[2025-04-17 15:49:10] DSM_Entry Return Code: 0
[2025-04-17 15:49:10] Data source enabled successfully (TWRC_SUCCESS)
[2025-04-17 15:49:10] Callback Information:
[2025-04-17 15:49:10] - Using Callbacks: Yes
[2025-04-17 15:49:10] === Enable Data Source Process Completed (Result: Success) ===
[2025-04-17 15:49:10] DSM_Entry Parameters: Origin=0x000001EEE2BE5658, Dest=0x000001EEE2BF381C, DG=0x2, DAT=0x101, MSG=0x1, Data=0x000001EEE2BE5720
[2025-04-17 15:49:10] DSM_Entry Parameters: Origin=0x000001EEE2BE5658, Dest=0x000001EEE2BF381C, DG=0x2, DAT=0x101, MSG=0x1, Data=0x000001EEE2BE5720
[2025-04-17 15:49:10] DSM_Entry Parameters: Origin=0x000001EEE2BE5658, Dest=0x000001EEE2BF381C, DG=0x2, DAT=0x104, MSG=0x1, Data=0x0000008EC3FFF5A8
[2025-04-17 15:49:10] DSM_Entry Parameters: Origin=0x000001EEE2BE5658, Dest=0x000001EEE2BF381C, DG=0x2, DAT=0x104, MSG=0x1, Data=0x0000008EC3FFF5A8
[2025-04-17 15:49:10] DSM_Entry Parameters: Origin=0x000001EEE2BE5658, Dest=0x000001EEE2BF381C, DG=0x2, DAT=0x10b, MSG=0x1, Data=0x0000008EC3FFF1A8
[2025-04-17 15:49:10] DSM_Entry Parameters: Origin=0x000001EEE2BE5658, Dest=0x000001EEE2BF381C, DG=0x2, DAT=0x10b, MSG=0x1, Data=0x0000008EC3FFF1A8
[2025-04-17 15:49:10] DSM_Entry Parameters: Origin=0x000001EEE2BE5658, Dest=0x000001EEE2BF381C, DG=0x1, DAT=0x5, MSG=0x701, Data=0x0000008EC3FFF644
[2025-04-17 15:49:10] DSM_Entry Parameters: Origin=0x000001EEE2BE5658, Dest=0x000001EEE2BF381C, DG=0x1, DAT=0x5, MSG=0x701, Data=0x0000008EC3FFF644
[2025-04-17 15:49:10] DSM_Entry Parameters: Origin=0x000001EEE2BE5658, Dest=0x000001EEE2BF381C, DG=0x2, DAT=0x101, MSG=0x1, Data=0x000001EEE2BE5720
[2025-04-17 15:49:10] DSM_Entry Parameters: Origin=0x000001EEE2BE5658, Dest=0x000001EEE2BF381C, DG=0x2, DAT=0x101, MSG=0x1, Data=0x000001EEE2BE5720
[2025-04-17 15:49:10] DSM_Entry Parameters: Origin=0x000001EEE2BE5658, Dest=0x000001EEE2BF381C, DG=0x2, DAT=0x104, MSG=0x1, Data=0x0000008EC3FFF5A8
[2025-04-17 15:49:10] DSM_Entry Parameters: Origin=0x000001EEE2BE5658, Dest=0x000001EEE2BF381C, DG=0x2, DAT=0x104, MSG=0x1, Data=0x0000008EC3FFF5A8
[2025-04-17 15:49:10] DSM_Entry Parameters: Origin=0x000001EEE2BE5658, Dest=0x000001EEE2BF381C, DG=0x2, DAT=0x10b, MSG=0x1, Data=0x0000008EC3FFF1A8
[2025-04-17 15:49:10] DSM_Entry Parameters: Origin=0x000001EEE2BE5658, Dest=0x000001EEE2BF381C, DG=0x2, DAT=0x10b, MSG=0x1, Data=0x0000008EC3FFF1A8
[2025-04-17 15:49:10] DSM_Entry Parameters: Origin=0x000001EEE2BE5658, Dest=0x000001EEE2BF381C, DG=0x1, DAT=0x5, MSG=0x701, Data=0x0000008EC3FFF644
[2025-04-17 15:49:10] DSM_Entry Parameters: Origin=0x000001EEE2BE5658, Dest=0x000001EEE2BF381C, DG=0x1, DAT=0x5, MSG=0x701, Data=0x0000008EC3FFF644
[2025-04-17 15:49:10] DSM_Entry Parameters: Origin=0x000001EEE2BE5658, Dest=0x000001EEE2BF381C, DG=0x1, DAT=0x9, MSG=0x501, Data=0x000001EEE2BE57B8
[2025-04-17 15:49:10] DSM_Entry Parameters: Origin=0x000001EEE2BE5658, Dest=0x000001EEE2BF381C, DG=0x1, DAT=0x9, MSG=0x501, Data=0x000001EEE2BE57B8
[2025-04-17 15:49:10] J
[2025-04-17 15:49:10] === Starting Data Source Unloading Process ===
[2025-04-17 15:49:10] Current DSM State: 4
[2025-04-17 15:49:10] Attempting to close data source...
[2025-04-17 15:49:10] DSM_Entry Parameters: Origin=0x000001EEE2BE5658, Dest=0x0000000000000000, DG=0x1, DAT=0x3, MSG=0x402, Data=0x000001EEE2BF381C
[2025-04-17 15:49:10] DSM_Entry return code: 0
[2025-04-17 15:49:10] Data source successfully closed
[2025-04-17 15:49:10] DSM State set to 3
[2025-04-17 15:49:10] Data source pointer reset
[2025-04-17 15:49:10] === Data Source Unloading Process Completed ===
[2025-04-17 15:49:10] === Starting DSM Disconnection Process ===
[2025-04-17 15:49:10] Current DSM State: 3
[2025-04-17 15:49:10] Attempting to close DSM connection...
[2025-04-17 15:49:10] DSM_Entry Parameters: Origin=0x000001EEE2BE5658, Dest=0x0000000000000000, DG=0x1, DAT=0x4, MSG=0x302, Data=0x000001EEE2BE5650
[2025-04-17 15:49:10] DSM closed successfully
[2025-04-17 15:49:10] Unloading DSM library...
[2025-04-17 15:49:10] DSM State set to 2
[2025-04-17 15:49:10] === DSM Disconnection Process Completed ===
[2025-04-17 15:49:10] K
[2025-04-17 15:49:10] L
[2025-04-17 15:49:10] M

=== Log Ended at 2025-04-17 15:49:10 ===

=== Log Started at 2025-04-17 15:58:37 ===
[2025-04-17 15:58:37] A
[2025-04-17 15:58:37] B
[2025-04-17 15:58:37] C
[2025-04-17 15:58:37] === DSM Connection Process Started ===
[2025-04-17 15:58:37] Attempting to load DSM from: TWAINDSM.dll
[2025-04-17 15:58:37] DSM library loaded successfully, state set to 2
[2025-04-17 15:58:37] DSM_Entry Parameters: Origin=0x0000022BE2AD4178, Dest=0x0000000000000000, DG=0x1, DAT=0x4, MSG=0x301, Data=0x0000022BE2AD4170
[2025-04-17 15:58:37] DSM_Entry Parameters: Origin=0x0000022BE2AD4178, Dest=0x0000000000000000, DG=0x1, DAT=0x403, MSG=0x1, Data=0x00000001801EB340
[2025-04-17 15:58:37] === Starting Get Sources Process ===
[2025-04-17 15:58:37] Current DSM State: 3
[2025-04-17 15:58:37] Verifying data sources list is empty
[2025-04-17 15:58:37] Getting first data source...
[2025-04-17 15:58:37] DSM_Entry Parameters: Origin=0x0000022BE2AD4178, Dest=0x0000000000000000, DG=0x1, DAT=0x3, MSG=0x4, Data=0x00000083BEDFF970
[2025-04-17 15:58:37] First source query return code: 0
[2025-04-17 15:58:37] First source found: KODAK Scanner: i2000
[2025-04-17 15:58:37] Getting remaining sources...
[2025-04-17 15:58:37] DSM_Entry Parameters: Origin=0x0000022BE2AD4178, Dest=0x0000000000000000, DG=0x1, DAT=0x3, MSG=0x5, Data=0x00000083BEDFF970
[2025-04-17 15:58:37] Next source query return code: 0
[2025-04-17 15:58:37] Additional source found: TWAIN2 Software Scanner
[2025-04-17 15:58:37] DSM_Entry Parameters: Origin=0x0000022BE2AD4178, Dest=0x0000000000000000, DG=0x1, DAT=0x3, MSG=0x5, Data=0x00000083BEDFF970
[2025-04-17 15:58:37] Next source query return code: 7
[2025-04-17 15:58:37] Reached end of sources list
[2025-04-17 15:58:37] Total sources found: 2
[2025-04-17 15:58:37] === Get Sources Process Completed ===
[2025-04-17 15:58:37] === DSM Connection Process Completed ===
[2025-04-17 15:58:37] D
[2025-04-17 15:58:37] E
[2025-04-17 15:58:37] F
[2025-04-17 15:58:37] G
[2025-04-17 15:58:37] === Starting Data Source Loading Process ===
[2025-04-17 15:58:37] Attempting to load DS with ID: 2
[2025-04-17 15:58:37] Current DSM State: 3
[2025-04-17 15:58:37] Reinitializing support flags
[2025-04-17 15:58:37] Searching for data source with ID: 2
[2025-04-17 15:58:37] Checking source ID: 1
[2025-04-17 15:58:37] Checking source ID: 2
[2025-04-17 15:58:37] Found matching data source
[2025-04-17 15:58:37] Attempting to open data source...
[2025-04-17 15:58:37] DSM_Entry Parameters: Origin=0x0000022BE2AD4178, Dest=0x0000000000000000, DG=0x1, DAT=0x3, MSG=0x401, Data=0x0000022BE2A753AC
[2025-04-17 15:58:38] DSM_Entry return code: 0
[2025-04-17 15:58:38] Data source successfully opened
[2025-04-17 15:58:38] DSM State set to 4
[2025-04-17 15:58:38] Checking callback support for Windows...
[2025-04-17 15:58:38] DSM2 and DS2 support detected, registering callback
[2025-04-17 15:58:38] DSM_Entry Parameters: Origin=0x0000022BE2AD4178, Dest=0x0000022BE2A753AC, DG=0x1, DAT=0x10, MSG=0x902, Data=0x00000083BEDFFAD8
[2025-04-17 15:58:38] DSM_Entry Parameters: Origin=0x0000022BE2AD4178, Dest=0x0000022BE2A753AC, DG=0x1, DAT=0x10, MSG=0x902, Data=0x00000083BEDFFAD8
[2025-04-17 15:58:38] Callback registered successfully
[2025-04-17 15:58:38] === Data Source Loading Process Completed ===
[2025-04-17 15:58:38] DSM_Entry Parameters: Origin=0x0000022BE2AD4178, Dest=0x0000022BE2A753AC, DG=0x1, DAT=0x1, MSG=0x1, Data=0x0000022BE2AD42E8
[2025-04-17 15:58:38] DSM_Entry Parameters: Origin=0x0000022BE2AD4178, Dest=0x0000022BE2A753AC, DG=0x1, DAT=0x1, MSG=0x1, Data=0x0000022BE2AD42E8
[2025-04-17 15:58:38] DSM_Entry Parameters: Origin=0x0000022BE2AD4178, Dest=0x0000022BE2A753AC, DG=0x1, DAT=0x1, MSG=0x1, Data=0x0000022BE2AD4324
[2025-04-17 15:58:38] DSM_Entry Parameters: Origin=0x0000022BE2AD4178, Dest=0x0000022BE2A753AC, DG=0x1, DAT=0x1, MSG=0x1, Data=0x0000022BE2AD4324
[2025-04-17 15:58:38] DSM_Entry Parameters: Origin=0x0000022BE2AD4178, Dest=0x0000022BE2A753AC, DG=0x1, DAT=0x1, MSG=0x1, Data=0x0000022BE2AD42F4
[2025-04-17 15:58:38] DSM_Entry Parameters: Origin=0x0000022BE2AD4178, Dest=0x0000022BE2A753AC, DG=0x1, DAT=0x1, MSG=0x1, Data=0x0000022BE2AD42F4
[2025-04-17 15:58:38] DSM_Entry Parameters: Origin=0x0000022BE2AD4178, Dest=0x0000022BE2A753AC, DG=0x1, DAT=0x1, MSG=0x1, Data=0x0000022BE2AD4300
[2025-04-17 15:58:38] DSM_Entry Parameters: Origin=0x0000022BE2AD4178, Dest=0x0000022BE2A753AC, DG=0x1, DAT=0x1, MSG=0x1, Data=0x0000022BE2AD4300
[2025-04-17 15:58:38] DSM_Entry Parameters: Origin=0x0000022BE2AD4178, Dest=0x0000022BE2A753AC, DG=0x1, DAT=0x1, MSG=0x1, Data=0x0000022BE2AD430C
[2025-04-17 15:58:38] DSM_Entry Parameters: Origin=0x0000022BE2AD4178, Dest=0x0000022BE2A753AC, DG=0x1, DAT=0x1, MSG=0x1, Data=0x0000022BE2AD430C
[2025-04-17 15:58:38] DSM_Entry Parameters: Origin=0x0000022BE2AD4178, Dest=0x0000022BE2A753AC, DG=0x1, DAT=0x1, MSG=0x1, Data=0x0000022BE2AD4318
[2025-04-17 15:58:38] DSM_Entry Parameters: Origin=0x0000022BE2AD4178, Dest=0x0000022BE2A753AC, DG=0x1, DAT=0x1, MSG=0x1, Data=0x0000022BE2AD4318
[2025-04-17 15:58:38] DSM_Entry Parameters: Origin=0x0000022BE2AD4178, Dest=0x0000022BE2A753AC, DG=0x1, DAT=0x1, MSG=0x1, Data=0x0000022BE2AD4330
[2025-04-17 15:58:38] DSM_Entry Parameters: Origin=0x0000022BE2AD4178, Dest=0x0000022BE2A753AC, DG=0x1, DAT=0x1, MSG=0x1, Data=0x0000022BE2AD4330
[2025-04-17 15:58:38] DSM_Entry Parameters: Origin=0x0000022BE2AD4178, Dest=0x0000022BE2A753AC, DG=0x1, DAT=0x1, MSG=0x1, Data=0x0000022BE2AD433C
[2025-04-17 15:58:38] DSM_Entry Parameters: Origin=0x0000022BE2AD4178, Dest=0x0000022BE2A753AC, DG=0x1, DAT=0x1, MSG=0x1, Data=0x0000022BE2AD433C
[2025-04-17 15:58:38] DSM_Entry Parameters: Origin=0x0000022BE2AD4178, Dest=0x0000022BE2A753AC, DG=0x1, DAT=0x1, MSG=0x1, Data=0x0000022BE2AD4348
[2025-04-17 15:58:38] DSM_Entry Parameters: Origin=0x0000022BE2AD4178, Dest=0x0000022BE2A753AC, DG=0x1, DAT=0x1, MSG=0x1, Data=0x0000022BE2AD4348
[2025-04-17 15:58:38] DSM_Entry Parameters: Origin=0x0000022BE2AD4178, Dest=0x0000022BE2A753AC, DG=0x1, DAT=0x1, MSG=0x1, Data=0x0000022BE2AD4354
[2025-04-17 15:58:38] DSM_Entry Parameters: Origin=0x0000022BE2AD4178, Dest=0x0000022BE2A753AC, DG=0x1, DAT=0x1, MSG=0x1, Data=0x0000022BE2AD4354
[2025-04-17 15:58:38] H
[2025-04-17 15:58:38] I
[2025-04-17 15:58:38] === Starting Enable Data Source Process ===
[2025-04-17 15:58:38] Input Parameters:
[2025-04-17 15:58:38] - Window Handle (hWnd): 0000000000010010
[2025-04-17 15:58:38] - Show UI Flag: 0
[2025-04-17 15:58:38] Current DSM State: 4
[2025-04-17 15:58:38] Current UI Settings:
[2025-04-17 15:58:38] - ShowUI: 52685
[2025-04-17 15:58:38] - ModalUI: 52685
[2025-04-17 15:58:38] - hParent: CDCDCDCDCDCDCDCD
[2025-04-17 15:58:38] New UI Settings:
[2025-04-17 15:58:38] - ShowUI: 0
[2025-04-17 15:58:38] - ModalUI: 1
[2025-04-17 15:58:38] - hParent: 0000000000010010
[2025-04-17 15:58:38] Changing DSM State from 4 to 5
[2025-04-17 15:58:38] DSM_Entry Parameters:
[2025-04-17 15:58:38] - DG_CONTROL: 1
[2025-04-17 15:58:38] - DAT_USERINTERFACE: 9
[2025-04-17 15:58:38] - MSG_ENABLEDS: 1282
[2025-04-17 15:58:38] Calling DSM_Entry...
[2025-04-17 15:58:38] DSM_Entry Parameters: Origin=0x0000022BE2AD4178, Dest=0x0000022BE2A753AC, DG=0x1, DAT=0x9, MSG=0x502, Data=0x0000022BE2AD42D8
[2025-04-17 15:58:38] DSM_Entry Parameters: Origin=0x0000022BE2AD4178, Dest=0x0000022BE2A753AC, DG=0x1, DAT=0x9, MSG=0x502, Data=0x0000022BE2AD42D8
[2025-04-17 15:58:38] DSM_Entry Return Code: 0
[2025-04-17 15:58:38] Data source enabled successfully (TWRC_SUCCESS)
[2025-04-17 15:58:38] Callback Information:
[2025-04-17 15:58:38] - Using Callbacks: Yes
[2025-04-17 15:58:38] === Enable Data Source Process Completed (Result: Success) ===
[2025-04-17 15:58:38] DSM_Entry Parameters: Origin=0x0000022BE2AD4178, Dest=0x0000022BE2A753AC, DG=0x2, DAT=0x101, MSG=0x1, Data=0x0000022BE2AD4240
[2025-04-17 15:58:38] DSM_Entry Parameters: Origin=0x0000022BE2AD4178, Dest=0x0000022BE2A753AC, DG=0x2, DAT=0x101, MSG=0x1, Data=0x0000022BE2AD4240
[2025-04-17 15:58:38] DSM_Entry Parameters: Origin=0x0000022BE2AD4178, Dest=0x0000022BE2A753AC, DG=0x2, DAT=0x104, MSG=0x1, Data=0x00000083BEDFF888
[2025-04-17 15:58:38] DSM_Entry Parameters: Origin=0x0000022BE2AD4178, Dest=0x0000022BE2A753AC, DG=0x2, DAT=0x104, MSG=0x1, Data=0x00000083BEDFF888
[2025-04-17 15:58:38] DSM_Entry Parameters: Origin=0x0000022BE2AD4178, Dest=0x0000022BE2A753AC, DG=0x2, DAT=0x10b, MSG=0x1, Data=0x00000083BEDFF488
[2025-04-17 15:58:38] DSM_Entry Parameters: Origin=0x0000022BE2AD4178, Dest=0x0000022BE2A753AC, DG=0x2, DAT=0x10b, MSG=0x1, Data=0x00000083BEDFF488
[2025-04-17 15:58:38] DSM_Entry Parameters: Origin=0x0000022BE2AD4178, Dest=0x0000022BE2A753AC, DG=0x1, DAT=0x5, MSG=0x701, Data=0x00000083BEDFF924
[2025-04-17 15:58:38] DSM_Entry Parameters: Origin=0x0000022BE2AD4178, Dest=0x0000022BE2A753AC, DG=0x1, DAT=0x5, MSG=0x701, Data=0x00000083BEDFF924
[2025-04-17 15:58:38] DSM_Entry Parameters: Origin=0x0000022BE2AD4178, Dest=0x0000022BE2A753AC, DG=0x2, DAT=0x101, MSG=0x1, Data=0x0000022BE2AD4240
[2025-04-17 15:58:38] DSM_Entry Parameters: Origin=0x0000022BE2AD4178, Dest=0x0000022BE2A753AC, DG=0x2, DAT=0x101, MSG=0x1, Data=0x0000022BE2AD4240
[2025-04-17 15:58:38] DSM_Entry Parameters: Origin=0x0000022BE2AD4178, Dest=0x0000022BE2A753AC, DG=0x2, DAT=0x104, MSG=0x1, Data=0x00000083BEDFF888
[2025-04-17 15:58:38] DSM_Entry Parameters: Origin=0x0000022BE2AD4178, Dest=0x0000022BE2A753AC, DG=0x2, DAT=0x104, MSG=0x1, Data=0x00000083BEDFF888
[2025-04-17 15:58:38] DSM_Entry Parameters: Origin=0x0000022BE2AD4178, Dest=0x0000022BE2A753AC, DG=0x2, DAT=0x10b, MSG=0x1, Data=0x00000083BEDFF488
[2025-04-17 15:58:38] DSM_Entry Parameters: Origin=0x0000022BE2AD4178, Dest=0x0000022BE2A753AC, DG=0x2, DAT=0x10b, MSG=0x1, Data=0x00000083BEDFF488
[2025-04-17 15:58:38] DSM_Entry Parameters: Origin=0x0000022BE2AD4178, Dest=0x0000022BE2A753AC, DG=0x1, DAT=0x5, MSG=0x701, Data=0x00000083BEDFF924
[2025-04-17 15:58:38] DSM_Entry Parameters: Origin=0x0000022BE2AD4178, Dest=0x0000022BE2A753AC, DG=0x1, DAT=0x5, MSG=0x701, Data=0x00000083BEDFF924
[2025-04-17 15:58:38] DSM_Entry Parameters: Origin=0x0000022BE2AD4178, Dest=0x0000022BE2A753AC, DG=0x1, DAT=0x9, MSG=0x501, Data=0x0000022BE2AD42D8
[2025-04-17 15:58:38] DSM_Entry Parameters: Origin=0x0000022BE2AD4178, Dest=0x0000022BE2A753AC, DG=0x1, DAT=0x9, MSG=0x501, Data=0x0000022BE2AD42D8
[2025-04-17 15:58:38] J
[2025-04-17 15:58:38] === Starting Data Source Unloading Process ===
[2025-04-17 15:58:38] Current DSM State: 4
[2025-04-17 15:58:38] Attempting to close data source...
[2025-04-17 15:58:38] DSM_Entry Parameters: Origin=0x0000022BE2AD4178, Dest=0x0000000000000000, DG=0x1, DAT=0x3, MSG=0x402, Data=0x0000022BE2A753AC
[2025-04-17 15:58:38] DSM_Entry return code: 0
[2025-04-17 15:58:38] Data source successfully closed
[2025-04-17 15:58:38] DSM State set to 3
[2025-04-17 15:58:38] Data source pointer reset
[2025-04-17 15:58:38] === Data Source Unloading Process Completed ===
[2025-04-17 15:58:38] === Starting DSM Disconnection Process ===
[2025-04-17 15:58:38] Current DSM State: 3
[2025-04-17 15:58:38] Attempting to close DSM connection...
[2025-04-17 15:58:38] DSM_Entry Parameters: Origin=0x0000022BE2AD4178, Dest=0x0000000000000000, DG=0x1, DAT=0x4, MSG=0x302, Data=0x0000022BE2AD4170
[2025-04-17 15:58:38] DSM closed successfully
[2025-04-17 15:58:38] Unloading DSM library...
[2025-04-17 15:58:38] DSM State set to 2
[2025-04-17 15:58:38] === DSM Disconnection Process Completed ===
[2025-04-17 15:58:38] K
[2025-04-17 15:58:38] L
[2025-04-17 15:58:38] M

=== Log Ended at 2025-04-17 15:58:38 ===

=== Log Started at 2025-04-17 15:58:57 ===
[2025-04-17 15:58:57] A
[2025-04-17 15:58:57] B
[2025-04-17 15:58:57] C
[2025-04-17 15:58:57] === DSM Connection Process Started ===
[2025-04-17 15:58:57] Attempting to load DSM from: TWAINDSM.dll
[2025-04-17 15:58:57] DSM library loaded successfully, state set to 2
[2025-04-17 15:58:57] DSM_Entry Parameters: Origin=0x000001DCEEEE23C8, Dest=0x0000000000000000, DG=0x1, DAT=0x4, MSG=0x301, Data=0x000001DCEEEE23C0
[2025-04-17 15:58:57] DSM_Entry Parameters: Origin=0x000001DCEEEE23C8, Dest=0x0000000000000000, DG=0x1, DAT=0x403, MSG=0x1, Data=0x00000001801EB340
[2025-04-17 15:58:57] === Starting Get Sources Process ===
[2025-04-17 15:58:57] Current DSM State: 3
[2025-04-17 15:58:57] Verifying data sources list is empty
[2025-04-17 15:58:57] Getting first data source...
[2025-04-17 15:58:57] DSM_Entry Parameters: Origin=0x000001DCEEEE23C8, Dest=0x0000000000000000, DG=0x1, DAT=0x3, MSG=0x4, Data=0x0000000C0D1FF470
[2025-04-17 15:58:57] First source query return code: 0
[2025-04-17 15:58:57] First source found: KODAK Scanner: i2000
[2025-04-17 15:58:57] Getting remaining sources...
[2025-04-17 15:58:57] DSM_Entry Parameters: Origin=0x000001DCEEEE23C8, Dest=0x0000000000000000, DG=0x1, DAT=0x3, MSG=0x5, Data=0x0000000C0D1FF470
[2025-04-17 15:58:57] Next source query return code: 0
[2025-04-17 15:58:57] Additional source found: TWAIN2 Software Scanner
[2025-04-17 15:58:57] DSM_Entry Parameters: Origin=0x000001DCEEEE23C8, Dest=0x0000000000000000, DG=0x1, DAT=0x3, MSG=0x5, Data=0x0000000C0D1FF470
[2025-04-17 15:58:57] Next source query return code: 7
[2025-04-17 15:58:57] Reached end of sources list
[2025-04-17 15:58:57] Total sources found: 2
[2025-04-17 15:58:57] === Get Sources Process Completed ===
[2025-04-17 15:58:57] === DSM Connection Process Completed ===
[2025-04-17 15:58:57] D
[2025-04-17 15:58:57] E
[2025-04-17 15:58:57] F
[2025-04-17 15:58:57] G
[2025-04-17 15:58:57] === Starting Data Source Loading Process ===
[2025-04-17 15:58:57] Attempting to load DS with ID: 2
[2025-04-17 15:58:57] Current DSM State: 3
[2025-04-17 15:58:57] Reinitializing support flags
[2025-04-17 15:58:57] Searching for data source with ID: 2
[2025-04-17 15:58:57] Checking source ID: 1
[2025-04-17 15:58:57] Checking source ID: 2
[2025-04-17 15:58:57] Found matching data source
[2025-04-17 15:58:57] Attempting to open data source...
[2025-04-17 15:58:57] DSM_Entry Parameters: Origin=0x000001DCEEEE23C8, Dest=0x0000000000000000, DG=0x1, DAT=0x3, MSG=0x401, Data=0x000001DCEEEEEA2C
[2025-04-17 15:58:57] DSM_Entry return code: 0
[2025-04-17 15:58:57] Data source successfully opened
[2025-04-17 15:58:57] DSM State set to 4
[2025-04-17 15:58:57] Checking callback support for Windows...
[2025-04-17 15:58:57] DSM2 and DS2 support detected, registering callback
[2025-04-17 15:58:57] DSM_Entry Parameters: Origin=0x000001DCEEEE23C8, Dest=0x000001DCEEEEEA2C, DG=0x1, DAT=0x10, MSG=0x902, Data=0x0000000C0D1FF5D8
[2025-04-17 15:58:57] DSM_Entry Parameters: Origin=0x000001DCEEEE23C8, Dest=0x000001DCEEEEEA2C, DG=0x1, DAT=0x10, MSG=0x902, Data=0x0000000C0D1FF5D8
[2025-04-17 15:58:57] Callback registered successfully
[2025-04-17 15:58:57] === Data Source Loading Process Completed ===
[2025-04-17 15:58:57] DSM_Entry Parameters: Origin=0x000001DCEEEE23C8, Dest=0x000001DCEEEEEA2C, DG=0x1, DAT=0x1, MSG=0x1, Data=0x000001DCEEEE2538
[2025-04-17 15:58:57] DSM_Entry Parameters: Origin=0x000001DCEEEE23C8, Dest=0x000001DCEEEEEA2C, DG=0x1, DAT=0x1, MSG=0x1, Data=0x000001DCEEEE2538
[2025-04-17 15:58:57] DSM_Entry Parameters: Origin=0x000001DCEEEE23C8, Dest=0x000001DCEEEEEA2C, DG=0x1, DAT=0x1, MSG=0x1, Data=0x000001DCEEEE2574
[2025-04-17 15:58:57] DSM_Entry Parameters: Origin=0x000001DCEEEE23C8, Dest=0x000001DCEEEEEA2C, DG=0x1, DAT=0x1, MSG=0x1, Data=0x000001DCEEEE2574
[2025-04-17 15:58:57] DSM_Entry Parameters: Origin=0x000001DCEEEE23C8, Dest=0x000001DCEEEEEA2C, DG=0x1, DAT=0x1, MSG=0x1, Data=0x000001DCEEEE2544
[2025-04-17 15:58:57] DSM_Entry Parameters: Origin=0x000001DCEEEE23C8, Dest=0x000001DCEEEEEA2C, DG=0x1, DAT=0x1, MSG=0x1, Data=0x000001DCEEEE2544
[2025-04-17 15:58:57] DSM_Entry Parameters: Origin=0x000001DCEEEE23C8, Dest=0x000001DCEEEEEA2C, DG=0x1, DAT=0x1, MSG=0x1, Data=0x000001DCEEEE2550
[2025-04-17 15:58:57] DSM_Entry Parameters: Origin=0x000001DCEEEE23C8, Dest=0x000001DCEEEEEA2C, DG=0x1, DAT=0x1, MSG=0x1, Data=0x000001DCEEEE2550
[2025-04-17 15:58:57] DSM_Entry Parameters: Origin=0x000001DCEEEE23C8, Dest=0x000001DCEEEEEA2C, DG=0x1, DAT=0x1, MSG=0x1, Data=0x000001DCEEEE255C
[2025-04-17 15:58:57] DSM_Entry Parameters: Origin=0x000001DCEEEE23C8, Dest=0x000001DCEEEEEA2C, DG=0x1, DAT=0x1, MSG=0x1, Data=0x000001DCEEEE255C
[2025-04-17 15:58:57] DSM_Entry Parameters: Origin=0x000001DCEEEE23C8, Dest=0x000001DCEEEEEA2C, DG=0x1, DAT=0x1, MSG=0x1, Data=0x000001DCEEEE2568
[2025-04-17 15:58:57] DSM_Entry Parameters: Origin=0x000001DCEEEE23C8, Dest=0x000001DCEEEEEA2C, DG=0x1, DAT=0x1, MSG=0x1, Data=0x000001DCEEEE2568
[2025-04-17 15:58:57] DSM_Entry Parameters: Origin=0x000001DCEEEE23C8, Dest=0x000001DCEEEEEA2C, DG=0x1, DAT=0x1, MSG=0x1, Data=0x000001DCEEEE2580
[2025-04-17 15:58:57] DSM_Entry Parameters: Origin=0x000001DCEEEE23C8, Dest=0x000001DCEEEEEA2C, DG=0x1, DAT=0x1, MSG=0x1, Data=0x000001DCEEEE2580
[2025-04-17 15:58:57] DSM_Entry Parameters: Origin=0x000001DCEEEE23C8, Dest=0x000001DCEEEEEA2C, DG=0x1, DAT=0x1, MSG=0x1, Data=0x000001DCEEEE258C
[2025-04-17 15:58:57] DSM_Entry Parameters: Origin=0x000001DCEEEE23C8, Dest=0x000001DCEEEEEA2C, DG=0x1, DAT=0x1, MSG=0x1, Data=0x000001DCEEEE258C
[2025-04-17 15:58:57] DSM_Entry Parameters: Origin=0x000001DCEEEE23C8, Dest=0x000001DCEEEEEA2C, DG=0x1, DAT=0x1, MSG=0x1, Data=0x000001DCEEEE2598
[2025-04-17 15:58:57] DSM_Entry Parameters: Origin=0x000001DCEEEE23C8, Dest=0x000001DCEEEEEA2C, DG=0x1, DAT=0x1, MSG=0x1, Data=0x000001DCEEEE2598
[2025-04-17 15:58:57] DSM_Entry Parameters: Origin=0x000001DCEEEE23C8, Dest=0x000001DCEEEEEA2C, DG=0x1, DAT=0x1, MSG=0x1, Data=0x000001DCEEEE25A4
[2025-04-17 15:58:57] DSM_Entry Parameters: Origin=0x000001DCEEEE23C8, Dest=0x000001DCEEEEEA2C, DG=0x1, DAT=0x1, MSG=0x1, Data=0x000001DCEEEE25A4
[2025-04-17 15:58:57] H
[2025-04-17 15:58:57] I
[2025-04-17 15:58:57] === Starting Enable Data Source Process ===
[2025-04-17 15:58:57] Input Parameters:
[2025-04-17 15:58:57] - Window Handle (hWnd): 0000000000010010
[2025-04-17 15:58:57] - Show UI Flag: 0
[2025-04-17 15:58:57] Current DSM State: 4
[2025-04-17 15:58:57] Current UI Settings:
[2025-04-17 15:58:57] - ShowUI: 52685
[2025-04-17 15:58:57] - ModalUI: 52685
[2025-04-17 15:58:57] - hParent: CDCDCDCDCDCDCDCD
[2025-04-17 15:58:57] New UI Settings:
[2025-04-17 15:58:57] - ShowUI: 0
[2025-04-17 15:58:57] - ModalUI: 1
[2025-04-17 15:58:57] - hParent: 0000000000010010
[2025-04-17 15:58:57] Changing DSM State from 4 to 5
[2025-04-17 15:58:57] DSM_Entry Parameters:
[2025-04-17 15:58:57] - DG_CONTROL: 1
[2025-04-17 15:58:57] - DAT_USERINTERFACE: 9
[2025-04-17 15:58:57] - MSG_ENABLEDS: 1282
[2025-04-17 15:58:57] Calling DSM_Entry...
[2025-04-17 15:58:57] DSM_Entry Parameters: Origin=0x000001DCEEEE23C8, Dest=0x000001DCEEEEEA2C, DG=0x1, DAT=0x9, MSG=0x502, Data=0x000001DCEEEE2528
[2025-04-17 15:58:57] DSM_Entry Parameters: Origin=0x000001DCEEEE23C8, Dest=0x000001DCEEEEEA2C, DG=0x1, DAT=0x9, MSG=0x502, Data=0x000001DCEEEE2528
[2025-04-17 15:58:57] DSM_Entry Return Code: 0
[2025-04-17 15:58:57] Data source enabled successfully (TWRC_SUCCESS)
[2025-04-17 15:58:57] Callback Information:
[2025-04-17 15:58:57] - Using Callbacks: Yes
[2025-04-17 15:58:57] === Enable Data Source Process Completed (Result: Success) ===
[2025-04-17 15:58:57] DSM_Entry Parameters: Origin=0x000001DCEEEE23C8, Dest=0x000001DCEEEEEA2C, DG=0x2, DAT=0x101, MSG=0x1, Data=0x000001DCEEEE2490
[2025-04-17 15:58:57] DSM_Entry Parameters: Origin=0x000001DCEEEE23C8, Dest=0x000001DCEEEEEA2C, DG=0x2, DAT=0x101, MSG=0x1, Data=0x000001DCEEEE2490
[2025-04-17 15:58:57] DSM_Entry Parameters: Origin=0x000001DCEEEE23C8, Dest=0x000001DCEEEEEA2C, DG=0x2, DAT=0x104, MSG=0x1, Data=0x0000000C0D1FF388
[2025-04-17 15:58:57] DSM_Entry Parameters: Origin=0x000001DCEEEE23C8, Dest=0x000001DCEEEEEA2C, DG=0x2, DAT=0x104, MSG=0x1, Data=0x0000000C0D1FF388
[2025-04-17 15:58:57] DSM_Entry Parameters: Origin=0x000001DCEEEE23C8, Dest=0x000001DCEEEEEA2C, DG=0x2, DAT=0x10b, MSG=0x1, Data=0x0000000C0D1FEF88
[2025-04-17 15:58:57] DSM_Entry Parameters: Origin=0x000001DCEEEE23C8, Dest=0x000001DCEEEEEA2C, DG=0x2, DAT=0x10b, MSG=0x1, Data=0x0000000C0D1FEF88
[2025-04-17 15:58:57] DSM_Entry Parameters: Origin=0x000001DCEEEE23C8, Dest=0x000001DCEEEEEA2C, DG=0x1, DAT=0x5, MSG=0x701, Data=0x0000000C0D1FF424
[2025-04-17 15:58:57] DSM_Entry Parameters: Origin=0x000001DCEEEE23C8, Dest=0x000001DCEEEEEA2C, DG=0x1, DAT=0x5, MSG=0x701, Data=0x0000000C0D1FF424
[2025-04-17 15:58:57] DSM_Entry Parameters: Origin=0x000001DCEEEE23C8, Dest=0x000001DCEEEEEA2C, DG=0x2, DAT=0x101, MSG=0x1, Data=0x000001DCEEEE2490
[2025-04-17 15:58:57] DSM_Entry Parameters: Origin=0x000001DCEEEE23C8, Dest=0x000001DCEEEEEA2C, DG=0x2, DAT=0x101, MSG=0x1, Data=0x000001DCEEEE2490
[2025-04-17 15:58:57] DSM_Entry Parameters: Origin=0x000001DCEEEE23C8, Dest=0x000001DCEEEEEA2C, DG=0x2, DAT=0x104, MSG=0x1, Data=0x0000000C0D1FF388
[2025-04-17 15:58:57] DSM_Entry Parameters: Origin=0x000001DCEEEE23C8, Dest=0x000001DCEEEEEA2C, DG=0x2, DAT=0x104, MSG=0x1, Data=0x0000000C0D1FF388
[2025-04-17 15:58:57] DSM_Entry Parameters: Origin=0x000001DCEEEE23C8, Dest=0x000001DCEEEEEA2C, DG=0x2, DAT=0x10b, MSG=0x1, Data=0x0000000C0D1FEF88
[2025-04-17 15:58:57] DSM_Entry Parameters: Origin=0x000001DCEEEE23C8, Dest=0x000001DCEEEEEA2C, DG=0x2, DAT=0x10b, MSG=0x1, Data=0x0000000C0D1FEF88
[2025-04-17 15:58:57] DSM_Entry Parameters: Origin=0x000001DCEEEE23C8, Dest=0x000001DCEEEEEA2C, DG=0x1, DAT=0x5, MSG=0x701, Data=0x0000000C0D1FF424
[2025-04-17 15:58:57] DSM_Entry Parameters: Origin=0x000001DCEEEE23C8, Dest=0x000001DCEEEEEA2C, DG=0x1, DAT=0x5, MSG=0x701, Data=0x0000000C0D1FF424
[2025-04-17 15:58:57] DSM_Entry Parameters: Origin=0x000001DCEEEE23C8, Dest=0x000001DCEEEEEA2C, DG=0x1, DAT=0x9, MSG=0x501, Data=0x000001DCEEEE2528
[2025-04-17 15:58:57] DSM_Entry Parameters: Origin=0x000001DCEEEE23C8, Dest=0x000001DCEEEEEA2C, DG=0x1, DAT=0x9, MSG=0x501, Data=0x000001DCEEEE2528
[2025-04-17 15:58:58] J
[2025-04-17 15:58:58] === Starting Data Source Unloading Process ===
[2025-04-17 15:58:58] Current DSM State: 4
[2025-04-17 15:58:58] Attempting to close data source...
[2025-04-17 15:58:58] DSM_Entry Parameters: Origin=0x000001DCEEEE23C8, Dest=0x0000000000000000, DG=0x1, DAT=0x3, MSG=0x402, Data=0x000001DCEEEEEA2C
[2025-04-17 15:58:58] DSM_Entry return code: 0
[2025-04-17 15:58:58] Data source successfully closed
[2025-04-17 15:58:58] DSM State set to 3
[2025-04-17 15:58:58] Data source pointer reset
[2025-04-17 15:58:58] === Data Source Unloading Process Completed ===
[2025-04-17 15:58:58] === Starting DSM Disconnection Process ===
[2025-04-17 15:58:58] Current DSM State: 3
[2025-04-17 15:58:58] Attempting to close DSM connection...
[2025-04-17 15:58:58] DSM_Entry Parameters: Origin=0x000001DCEEEE23C8, Dest=0x0000000000000000, DG=0x1, DAT=0x4, MSG=0x302, Data=0x000001DCEEEE23C0
[2025-04-17 15:58:58] DSM closed successfully
[2025-04-17 15:58:58] Unloading DSM library...
[2025-04-17 15:58:58] DSM State set to 2
[2025-04-17 15:58:58] === DSM Disconnection Process Completed ===
[2025-04-17 15:58:58] K
[2025-04-17 15:58:58] L
[2025-04-17 15:58:58] M

=== Log Ended at 2025-04-17 15:58:58 ===

=== Log Started at 2025-04-17 16:00:16 ===
[2025-04-17 16:00:16] A
[2025-04-17 16:00:16] B
[2025-04-17 16:00:16] C
[2025-04-17 16:00:16] === DSM Connection Process Started ===
[2025-04-17 16:00:16] Attempting to load DSM from: TWAINDSM.dll
[2025-04-17 16:00:16] DSM library loaded successfully, state set to 2
[2025-04-17 16:00:16] DSM_Entry Parameters: Origin=0x0000028A29BB23C8, Dest=0x0000000000000000, DG=0x1, DAT=0x4, MSG=0x301, Data=0x0000028A29BB23C0
[2025-04-17 16:00:16] DSM_Entry Parameters: Origin=0x0000028A29BB23C8, Dest=0x0000000000000000, DG=0x1, DAT=0x403, MSG=0x1, Data=0x00000001801EB340
[2025-04-17 16:00:16] === Starting Get Sources Process ===
[2025-04-17 16:00:16] Current DSM State: 3
[2025-04-17 16:00:16] Verifying data sources list is empty
[2025-04-17 16:00:16] Getting first data source...
[2025-04-17 16:00:16] DSM_Entry Parameters: Origin=0x0000028A29BB23C8, Dest=0x0000000000000000, DG=0x1, DAT=0x3, MSG=0x4, Data=0x000000A358BFF6D0
[2025-04-17 16:00:16] First source query return code: 0
[2025-04-17 16:00:16] First source found: KODAK Scanner: i2000
[2025-04-17 16:00:16] Getting remaining sources...
[2025-04-17 16:00:16] DSM_Entry Parameters: Origin=0x0000028A29BB23C8, Dest=0x0000000000000000, DG=0x1, DAT=0x3, MSG=0x5, Data=0x000000A358BFF6D0
[2025-04-17 16:00:16] Next source query return code: 0
[2025-04-17 16:00:16] Additional source found: TWAIN2 Software Scanner
[2025-04-17 16:00:16] DSM_Entry Parameters: Origin=0x0000028A29BB23C8, Dest=0x0000000000000000, DG=0x1, DAT=0x3, MSG=0x5, Data=0x000000A358BFF6D0
[2025-04-17 16:00:16] Next source query return code: 7
[2025-04-17 16:00:16] Reached end of sources list
[2025-04-17 16:00:16] Total sources found: 2
[2025-04-17 16:00:16] === Get Sources Process Completed ===
[2025-04-17 16:00:16] === DSM Connection Process Completed ===
[2025-04-17 16:00:16] D
[2025-04-17 16:00:16] E
[2025-04-17 16:00:16] F
[2025-04-17 16:00:16] G
[2025-04-17 16:00:16] === Starting Data Source Loading Process ===
[2025-04-17 16:00:16] Attempting to load DS with ID: 2
[2025-04-17 16:00:16] Current DSM State: 3
[2025-04-17 16:00:16] Reinitializing support flags
[2025-04-17 16:00:16] Searching for data source with ID: 2
[2025-04-17 16:00:16] Checking source ID: 1
[2025-04-17 16:00:16] Checking source ID: 2
[2025-04-17 16:00:16] Found matching data source
[2025-04-17 16:00:16] Attempting to open data source...
[2025-04-17 16:00:16] DSM_Entry Parameters: Origin=0x0000028A29BB23C8, Dest=0x0000000000000000, DG=0x1, DAT=0x3, MSG=0x401, Data=0x0000028A29BBEA2C
[2025-04-17 16:00:16] DSM_Entry return code: 0
[2025-04-17 16:00:16] Data source successfully opened
[2025-04-17 16:00:16] DSM State set to 4
[2025-04-17 16:00:16] Checking callback support for Windows...
[2025-04-17 16:00:16] DSM2 and DS2 support detected, registering callback
[2025-04-17 16:00:16] DSM_Entry Parameters: Origin=0x0000028A29BB23C8, Dest=0x0000028A29BBEA2C, DG=0x1, DAT=0x10, MSG=0x902, Data=0x000000A358BFF838
[2025-04-17 16:00:16] DSM_Entry Parameters: Origin=0x0000028A29BB23C8, Dest=0x0000028A29BBEA2C, DG=0x1, DAT=0x10, MSG=0x902, Data=0x000000A358BFF838
[2025-04-17 16:00:16] Callback registered successfully
[2025-04-17 16:00:16] === Data Source Loading Process Completed ===
[2025-04-17 16:00:16] DSM_Entry Parameters: Origin=0x0000028A29BB23C8, Dest=0x0000028A29BBEA2C, DG=0x1, DAT=0x1, MSG=0x1, Data=0x0000028A29BB2538
[2025-04-17 16:00:16] DSM_Entry Parameters: Origin=0x0000028A29BB23C8, Dest=0x0000028A29BBEA2C, DG=0x1, DAT=0x1, MSG=0x1, Data=0x0000028A29BB2538
[2025-04-17 16:00:16] DSM_Entry Parameters: Origin=0x0000028A29BB23C8, Dest=0x0000028A29BBEA2C, DG=0x1, DAT=0x1, MSG=0x1, Data=0x0000028A29BB2574
[2025-04-17 16:00:16] DSM_Entry Parameters: Origin=0x0000028A29BB23C8, Dest=0x0000028A29BBEA2C, DG=0x1, DAT=0x1, MSG=0x1, Data=0x0000028A29BB2574
[2025-04-17 16:00:16] DSM_Entry Parameters: Origin=0x0000028A29BB23C8, Dest=0x0000028A29BBEA2C, DG=0x1, DAT=0x1, MSG=0x1, Data=0x0000028A29BB2544
[2025-04-17 16:00:16] DSM_Entry Parameters: Origin=0x0000028A29BB23C8, Dest=0x0000028A29BBEA2C, DG=0x1, DAT=0x1, MSG=0x1, Data=0x0000028A29BB2544
[2025-04-17 16:00:16] DSM_Entry Parameters: Origin=0x0000028A29BB23C8, Dest=0x0000028A29BBEA2C, DG=0x1, DAT=0x1, MSG=0x1, Data=0x0000028A29BB2550
[2025-04-17 16:00:16] DSM_Entry Parameters: Origin=0x0000028A29BB23C8, Dest=0x0000028A29BBEA2C, DG=0x1, DAT=0x1, MSG=0x1, Data=0x0000028A29BB2550
[2025-04-17 16:00:16] DSM_Entry Parameters: Origin=0x0000028A29BB23C8, Dest=0x0000028A29BBEA2C, DG=0x1, DAT=0x1, MSG=0x1, Data=0x0000028A29BB255C
[2025-04-17 16:00:16] DSM_Entry Parameters: Origin=0x0000028A29BB23C8, Dest=0x0000028A29BBEA2C, DG=0x1, DAT=0x1, MSG=0x1, Data=0x0000028A29BB255C
[2025-04-17 16:00:16] DSM_Entry Parameters: Origin=0x0000028A29BB23C8, Dest=0x0000028A29BBEA2C, DG=0x1, DAT=0x1, MSG=0x1, Data=0x0000028A29BB2568
[2025-04-17 16:00:16] DSM_Entry Parameters: Origin=0x0000028A29BB23C8, Dest=0x0000028A29BBEA2C, DG=0x1, DAT=0x1, MSG=0x1, Data=0x0000028A29BB2568
[2025-04-17 16:00:16] DSM_Entry Parameters: Origin=0x0000028A29BB23C8, Dest=0x0000028A29BBEA2C, DG=0x1, DAT=0x1, MSG=0x1, Data=0x0000028A29BB2580
[2025-04-17 16:00:16] DSM_Entry Parameters: Origin=0x0000028A29BB23C8, Dest=0x0000028A29BBEA2C, DG=0x1, DAT=0x1, MSG=0x1, Data=0x0000028A29BB2580
[2025-04-17 16:00:16] DSM_Entry Parameters: Origin=0x0000028A29BB23C8, Dest=0x0000028A29BBEA2C, DG=0x1, DAT=0x1, MSG=0x1, Data=0x0000028A29BB258C
[2025-04-17 16:00:16] DSM_Entry Parameters: Origin=0x0000028A29BB23C8, Dest=0x0000028A29BBEA2C, DG=0x1, DAT=0x1, MSG=0x1, Data=0x0000028A29BB258C
[2025-04-17 16:00:16] DSM_Entry Parameters: Origin=0x0000028A29BB23C8, Dest=0x0000028A29BBEA2C, DG=0x1, DAT=0x1, MSG=0x1, Data=0x0000028A29BB2598
[2025-04-17 16:00:16] DSM_Entry Parameters: Origin=0x0000028A29BB23C8, Dest=0x0000028A29BBEA2C, DG=0x1, DAT=0x1, MSG=0x1, Data=0x0000028A29BB2598
[2025-04-17 16:00:16] DSM_Entry Parameters: Origin=0x0000028A29BB23C8, Dest=0x0000028A29BBEA2C, DG=0x1, DAT=0x1, MSG=0x1, Data=0x0000028A29BB25A4
[2025-04-17 16:00:16] DSM_Entry Parameters: Origin=0x0000028A29BB23C8, Dest=0x0000028A29BBEA2C, DG=0x1, DAT=0x1, MSG=0x1, Data=0x0000028A29BB25A4
[2025-04-17 16:00:16] H
[2025-04-17 16:00:16] I
[2025-04-17 16:00:16] === Starting Enable Data Source Process ===
[2025-04-17 16:00:16] Input Parameters:
[2025-04-17 16:00:16] - Window Handle (hWnd): 0000000000010010
[2025-04-17 16:00:16] - Show UI Flag: 0
[2025-04-17 16:00:16] Current DSM State: 4
[2025-04-17 16:00:16] Current UI Settings:
[2025-04-17 16:00:16] - ShowUI: 52685
[2025-04-17 16:00:16] - ModalUI: 52685
[2025-04-17 16:00:16] - hParent: CDCDCDCDCDCDCDCD
[2025-04-17 16:00:16] New UI Settings:
[2025-04-17 16:00:16] - ShowUI: 0
[2025-04-17 16:00:16] - ModalUI: 1
[2025-04-17 16:00:16] - hParent: 0000000000010010
[2025-04-17 16:00:16] Changing DSM State from 4 to 5
[2025-04-17 16:00:16] DSM_Entry Parameters:
[2025-04-17 16:00:16] - DG_CONTROL: 1
[2025-04-17 16:00:16] - DAT_USERINTERFACE: 9
[2025-04-17 16:00:16] - MSG_ENABLEDS: 1282
[2025-04-17 16:00:16] Calling DSM_Entry...
[2025-04-17 16:00:16] DSM_Entry Parameters: Origin=0x0000028A29BB23C8, Dest=0x0000028A29BBEA2C, DG=0x1, DAT=0x9, MSG=0x502, Data=0x0000028A29BB2528
[2025-04-17 16:00:16] DSM_Entry Parameters: Origin=0x0000028A29BB23C8, Dest=0x0000028A29BBEA2C, DG=0x1, DAT=0x9, MSG=0x502, Data=0x0000028A29BB2528
[2025-04-17 16:00:17] DSM_Entry Return Code: 0
[2025-04-17 16:00:17] Data source enabled successfully (TWRC_SUCCESS)
[2025-04-17 16:00:17] Callback Information:
[2025-04-17 16:00:17] - Using Callbacks: Yes
[2025-04-17 16:00:17] === Enable Data Source Process Completed (Result: Success) ===
[2025-04-17 16:00:17] DSM_Entry Parameters: Origin=0x0000028A29BB23C8, Dest=0x0000028A29BBEA2C, DG=0x2, DAT=0x101, MSG=0x1, Data=0x0000028A29BB2490
[2025-04-17 16:00:17] DSM_Entry Parameters: Origin=0x0000028A29BB23C8, Dest=0x0000028A29BBEA2C, DG=0x2, DAT=0x101, MSG=0x1, Data=0x0000028A29BB2490
[2025-04-17 16:00:17] DSM_Entry Parameters: Origin=0x0000028A29BB23C8, Dest=0x0000028A29BBEA2C, DG=0x2, DAT=0x104, MSG=0x1, Data=0x000000A358BFF5E8
[2025-04-17 16:00:17] DSM_Entry Parameters: Origin=0x0000028A29BB23C8, Dest=0x0000028A29BBEA2C, DG=0x2, DAT=0x104, MSG=0x1, Data=0x000000A358BFF5E8
[2025-04-17 16:00:17] DSM_Entry Parameters: Origin=0x0000028A29BB23C8, Dest=0x0000028A29BBEA2C, DG=0x2, DAT=0x10b, MSG=0x1, Data=0x000000A358BFF1E8
[2025-04-17 16:00:17] DSM_Entry Parameters: Origin=0x0000028A29BB23C8, Dest=0x0000028A29BBEA2C, DG=0x2, DAT=0x10b, MSG=0x1, Data=0x000000A358BFF1E8
[2025-04-17 16:00:17] DSM_Entry Parameters: Origin=0x0000028A29BB23C8, Dest=0x0000028A29BBEA2C, DG=0x1, DAT=0x5, MSG=0x701, Data=0x000000A358BFF684
[2025-04-17 16:00:17] DSM_Entry Parameters: Origin=0x0000028A29BB23C8, Dest=0x0000028A29BBEA2C, DG=0x1, DAT=0x5, MSG=0x701, Data=0x000000A358BFF684
[2025-04-17 16:00:17] DSM_Entry Parameters: Origin=0x0000028A29BB23C8, Dest=0x0000028A29BBEA2C, DG=0x2, DAT=0x101, MSG=0x1, Data=0x0000028A29BB2490
[2025-04-17 16:00:17] DSM_Entry Parameters: Origin=0x0000028A29BB23C8, Dest=0x0000028A29BBEA2C, DG=0x2, DAT=0x101, MSG=0x1, Data=0x0000028A29BB2490
[2025-04-17 16:00:17] DSM_Entry Parameters: Origin=0x0000028A29BB23C8, Dest=0x0000028A29BBEA2C, DG=0x2, DAT=0x104, MSG=0x1, Data=0x000000A358BFF5E8
[2025-04-17 16:00:17] DSM_Entry Parameters: Origin=0x0000028A29BB23C8, Dest=0x0000028A29BBEA2C, DG=0x2, DAT=0x104, MSG=0x1, Data=0x000000A358BFF5E8
[2025-04-17 16:00:17] DSM_Entry Parameters: Origin=0x0000028A29BB23C8, Dest=0x0000028A29BBEA2C, DG=0x2, DAT=0x10b, MSG=0x1, Data=0x000000A358BFF1E8
[2025-04-17 16:00:17] DSM_Entry Parameters: Origin=0x0000028A29BB23C8, Dest=0x0000028A29BBEA2C, DG=0x2, DAT=0x10b, MSG=0x1, Data=0x000000A358BFF1E8
[2025-04-17 16:00:17] DSM_Entry Parameters: Origin=0x0000028A29BB23C8, Dest=0x0000028A29BBEA2C, DG=0x1, DAT=0x5, MSG=0x701, Data=0x000000A358BFF684
[2025-04-17 16:00:17] DSM_Entry Parameters: Origin=0x0000028A29BB23C8, Dest=0x0000028A29BBEA2C, DG=0x1, DAT=0x5, MSG=0x701, Data=0x000000A358BFF684
[2025-04-17 16:00:17] DSM_Entry Parameters: Origin=0x0000028A29BB23C8, Dest=0x0000028A29BBEA2C, DG=0x1, DAT=0x9, MSG=0x501, Data=0x0000028A29BB2528
[2025-04-17 16:00:17] DSM_Entry Parameters: Origin=0x0000028A29BB23C8, Dest=0x0000028A29BBEA2C, DG=0x1, DAT=0x9, MSG=0x501, Data=0x0000028A29BB2528
[2025-04-17 16:00:17] J
[2025-04-17 16:00:17] === Starting Data Source Unloading Process ===
[2025-04-17 16:00:17] Current DSM State: 4
[2025-04-17 16:00:17] Attempting to close data source...
[2025-04-17 16:00:17] DSM_Entry Parameters: Origin=0x0000028A29BB23C8, Dest=0x0000000000000000, DG=0x1, DAT=0x3, MSG=0x402, Data=0x0000028A29BBEA2C
[2025-04-17 16:00:17] DSM_Entry return code: 0
[2025-04-17 16:00:17] Data source successfully closed
[2025-04-17 16:00:17] DSM State set to 3
[2025-04-17 16:00:17] Data source pointer reset
[2025-04-17 16:00:17] === Data Source Unloading Process Completed ===
[2025-04-17 16:00:17] === Starting DSM Disconnection Process ===
[2025-04-17 16:00:17] Current DSM State: 3
[2025-04-17 16:00:17] Attempting to close DSM connection...
[2025-04-17 16:00:17] DSM_Entry Parameters: Origin=0x0000028A29BB23C8, Dest=0x0000000000000000, DG=0x1, DAT=0x4, MSG=0x302, Data=0x0000028A29BB23C0
[2025-04-17 16:00:17] DSM closed successfully
[2025-04-17 16:00:17] Unloading DSM library...
[2025-04-17 16:00:17] DSM State set to 2
[2025-04-17 16:00:17] === DSM Disconnection Process Completed ===
[2025-04-17 16:00:17] K
[2025-04-17 16:00:17] L
[2025-04-17 16:00:17] M

=== Log Ended at 2025-04-17 16:00:17 ===

=== Log Started at 2025-04-17 16:01:07 ===
[2025-04-17 16:01:07] A
[2025-04-17 16:01:07] B
[2025-04-17 16:01:07] C
[2025-04-17 16:01:07] === DSM Connection Process Started ===
[2025-04-17 16:01:07] Attempting to load DSM from: TWAINDSM.dll
[2025-04-17 16:01:07] DSM library loaded successfully, state set to 2
[2025-04-17 16:01:07] DSM_Entry Parameters: Origin=0x00000158CDBC2488, Dest=0x0000000000000000, DG=0x1, DAT=0x4, MSG=0x301, Data=0x00000158CDBC2480
[2025-04-17 16:01:07] DSM_Entry Parameters: Origin=0x00000158CDBC2488, Dest=0x0000000000000000, DG=0x1, DAT=0x403, MSG=0x1, Data=0x00000001801EB340
[2025-04-17 16:01:07] === Starting Get Sources Process ===
[2025-04-17 16:01:07] Current DSM State: 3
[2025-04-17 16:01:07] Verifying data sources list is empty
[2025-04-17 16:01:07] Getting first data source...
[2025-04-17 16:01:07] DSM_Entry Parameters: Origin=0x00000158CDBC2488, Dest=0x0000000000000000, DG=0x1, DAT=0x3, MSG=0x4, Data=0x00000058831FF320
[2025-04-17 16:01:07] First source query return code: 0
[2025-04-17 16:01:07] First source found: KODAK Scanner: i2000
[2025-04-17 16:01:07] Getting remaining sources...
[2025-04-17 16:01:07] DSM_Entry Parameters: Origin=0x00000158CDBC2488, Dest=0x0000000000000000, DG=0x1, DAT=0x3, MSG=0x5, Data=0x00000058831FF320
[2025-04-17 16:01:07] Next source query return code: 0
[2025-04-17 16:01:07] Additional source found: TWAIN2 Software Scanner
[2025-04-17 16:01:07] DSM_Entry Parameters: Origin=0x00000158CDBC2488, Dest=0x0000000000000000, DG=0x1, DAT=0x3, MSG=0x5, Data=0x00000058831FF320
[2025-04-17 16:01:07] Next source query return code: 7
[2025-04-17 16:01:07] Reached end of sources list
[2025-04-17 16:01:07] Total sources found: 2
[2025-04-17 16:01:07] === Get Sources Process Completed ===
[2025-04-17 16:01:07] === DSM Connection Process Completed ===
[2025-04-17 16:01:07] D
[2025-04-17 16:01:07] E
[2025-04-17 16:01:07] F
[2025-04-17 16:01:07] G
[2025-04-17 16:01:07] === Starting Data Source Loading Process ===
[2025-04-17 16:01:07] Attempting to load DS with ID: 2
[2025-04-17 16:01:07] Current DSM State: 3
[2025-04-17 16:01:07] Reinitializing support flags
[2025-04-17 16:01:07] Searching for data source with ID: 2
[2025-04-17 16:01:07] Checking source ID: 1
[2025-04-17 16:01:07] Checking source ID: 2
[2025-04-17 16:01:07] Found matching data source
[2025-04-17 16:01:07] Attempting to open data source...
[2025-04-17 16:01:07] DSM_Entry Parameters: Origin=0x00000158CDBC2488, Dest=0x0000000000000000, DG=0x1, DAT=0x3, MSG=0x401, Data=0x00000158CDBC9D8C
[2025-04-17 16:01:07] DSM_Entry return code: 0
[2025-04-17 16:01:07] Data source successfully opened
[2025-04-17 16:01:07] DSM State set to 4
[2025-04-17 16:01:07] Checking callback support for Windows...
[2025-04-17 16:01:07] DSM2 and DS2 support detected, registering callback
[2025-04-17 16:01:07] DSM_Entry Parameters: Origin=0x00000158CDBC2488, Dest=0x00000158CDBC9D8C, DG=0x1, DAT=0x10, MSG=0x902, Data=0x00000058831FF488
[2025-04-17 16:01:07] DSM_Entry Parameters: Origin=0x00000158CDBC2488, Dest=0x00000158CDBC9D8C, DG=0x1, DAT=0x10, MSG=0x902, Data=0x00000058831FF488
[2025-04-17 16:01:07] Callback registered successfully
[2025-04-17 16:01:07] === Data Source Loading Process Completed ===
[2025-04-17 16:01:07] DSM_Entry Parameters: Origin=0x00000158CDBC2488, Dest=0x00000158CDBC9D8C, DG=0x1, DAT=0x1, MSG=0x1, Data=0x00000158CDBC25F8
[2025-04-17 16:01:07] DSM_Entry Parameters: Origin=0x00000158CDBC2488, Dest=0x00000158CDBC9D8C, DG=0x1, DAT=0x1, MSG=0x1, Data=0x00000158CDBC25F8
[2025-04-17 16:01:07] DSM_Entry Parameters: Origin=0x00000158CDBC2488, Dest=0x00000158CDBC9D8C, DG=0x1, DAT=0x1, MSG=0x1, Data=0x00000158CDBC2634
[2025-04-17 16:01:07] DSM_Entry Parameters: Origin=0x00000158CDBC2488, Dest=0x00000158CDBC9D8C, DG=0x1, DAT=0x1, MSG=0x1, Data=0x00000158CDBC2634
[2025-04-17 16:01:07] DSM_Entry Parameters: Origin=0x00000158CDBC2488, Dest=0x00000158CDBC9D8C, DG=0x1, DAT=0x1, MSG=0x1, Data=0x00000158CDBC2604
[2025-04-17 16:01:07] DSM_Entry Parameters: Origin=0x00000158CDBC2488, Dest=0x00000158CDBC9D8C, DG=0x1, DAT=0x1, MSG=0x1, Data=0x00000158CDBC2604
[2025-04-17 16:01:07] DSM_Entry Parameters: Origin=0x00000158CDBC2488, Dest=0x00000158CDBC9D8C, DG=0x1, DAT=0x1, MSG=0x1, Data=0x00000158CDBC2610
[2025-04-17 16:01:07] DSM_Entry Parameters: Origin=0x00000158CDBC2488, Dest=0x00000158CDBC9D8C, DG=0x1, DAT=0x1, MSG=0x1, Data=0x00000158CDBC2610
[2025-04-17 16:01:07] DSM_Entry Parameters: Origin=0x00000158CDBC2488, Dest=0x00000158CDBC9D8C, DG=0x1, DAT=0x1, MSG=0x1, Data=0x00000158CDBC261C
[2025-04-17 16:01:07] DSM_Entry Parameters: Origin=0x00000158CDBC2488, Dest=0x00000158CDBC9D8C, DG=0x1, DAT=0x1, MSG=0x1, Data=0x00000158CDBC261C
[2025-04-17 16:01:07] DSM_Entry Parameters: Origin=0x00000158CDBC2488, Dest=0x00000158CDBC9D8C, DG=0x1, DAT=0x1, MSG=0x1, Data=0x00000158CDBC2628
[2025-04-17 16:01:07] DSM_Entry Parameters: Origin=0x00000158CDBC2488, Dest=0x00000158CDBC9D8C, DG=0x1, DAT=0x1, MSG=0x1, Data=0x00000158CDBC2628
[2025-04-17 16:01:07] DSM_Entry Parameters: Origin=0x00000158CDBC2488, Dest=0x00000158CDBC9D8C, DG=0x1, DAT=0x1, MSG=0x1, Data=0x00000158CDBC2640
[2025-04-17 16:01:07] DSM_Entry Parameters: Origin=0x00000158CDBC2488, Dest=0x00000158CDBC9D8C, DG=0x1, DAT=0x1, MSG=0x1, Data=0x00000158CDBC2640
[2025-04-17 16:01:07] DSM_Entry Parameters: Origin=0x00000158CDBC2488, Dest=0x00000158CDBC9D8C, DG=0x1, DAT=0x1, MSG=0x1, Data=0x00000158CDBC264C
[2025-04-17 16:01:07] DSM_Entry Parameters: Origin=0x00000158CDBC2488, Dest=0x00000158CDBC9D8C, DG=0x1, DAT=0x1, MSG=0x1, Data=0x00000158CDBC264C
[2025-04-17 16:01:07] DSM_Entry Parameters: Origin=0x00000158CDBC2488, Dest=0x00000158CDBC9D8C, DG=0x1, DAT=0x1, MSG=0x1, Data=0x00000158CDBC2658
[2025-04-17 16:01:07] DSM_Entry Parameters: Origin=0x00000158CDBC2488, Dest=0x00000158CDBC9D8C, DG=0x1, DAT=0x1, MSG=0x1, Data=0x00000158CDBC2658
[2025-04-17 16:01:07] DSM_Entry Parameters: Origin=0x00000158CDBC2488, Dest=0x00000158CDBC9D8C, DG=0x1, DAT=0x1, MSG=0x1, Data=0x00000158CDBC2664
[2025-04-17 16:01:07] DSM_Entry Parameters: Origin=0x00000158CDBC2488, Dest=0x00000158CDBC9D8C, DG=0x1, DAT=0x1, MSG=0x1, Data=0x00000158CDBC2664
[2025-04-17 16:01:07] H
[2025-04-17 16:01:07] I
[2025-04-17 16:01:07] === Starting Enable Data Source Process ===
[2025-04-17 16:01:07] Input Parameters:
[2025-04-17 16:01:07] - Window Handle (hWnd): 0000000000010010
[2025-04-17 16:01:07] - Show UI Flag: 0
[2025-04-17 16:01:07] Current DSM State: 4
[2025-04-17 16:01:07] Current UI Settings:
[2025-04-17 16:01:07] - ShowUI: 52685
[2025-04-17 16:01:07] - ModalUI: 52685
[2025-04-17 16:01:07] - hParent: CDCDCDCDCDCDCDCD
[2025-04-17 16:01:07] New UI Settings:
[2025-04-17 16:01:07] - ShowUI: 0
[2025-04-17 16:01:07] - ModalUI: 1
[2025-04-17 16:01:07] - hParent: 0000000000010010
[2025-04-17 16:01:07] Changing DSM State from 4 to 5
[2025-04-17 16:01:07] DSM_Entry Parameters:
[2025-04-17 16:01:07] - DG_CONTROL: 1
[2025-04-17 16:01:07] - DAT_USERINTERFACE: 9
[2025-04-17 16:01:07] - MSG_ENABLEDS: 1282
[2025-04-17 16:01:07] Calling DSM_Entry...
[2025-04-17 16:01:07] DSM_Entry Parameters: Origin=0x00000158CDBC2488, Dest=0x00000158CDBC9D8C, DG=0x1, DAT=0x9, MSG=0x502, Data=0x00000158CDBC25E8
[2025-04-17 16:01:07] DSM_Entry Parameters: Origin=0x00000158CDBC2488, Dest=0x00000158CDBC9D8C, DG=0x1, DAT=0x9, MSG=0x502, Data=0x00000158CDBC25E8
[2025-04-17 16:01:08] DSM_Entry Return Code: 0
[2025-04-17 16:01:08] Data source enabled successfully (TWRC_SUCCESS)
[2025-04-17 16:01:08] Callback Information:
[2025-04-17 16:01:08] - Using Callbacks: Yes
[2025-04-17 16:01:08] === Enable Data Source Process Completed (Result: Success) ===
[2025-04-17 16:01:08] DSM_Entry Parameters: Origin=0x00000158CDBC2488, Dest=0x00000158CDBC9D8C, DG=0x2, DAT=0x101, MSG=0x1, Data=0x00000158CDBC2550
[2025-04-17 16:01:08] DSM_Entry Parameters: Origin=0x00000158CDBC2488, Dest=0x00000158CDBC9D8C, DG=0x2, DAT=0x101, MSG=0x1, Data=0x00000158CDBC2550
[2025-04-17 16:01:08] DSM_Entry Parameters: Origin=0x00000158CDBC2488, Dest=0x00000158CDBC9D8C, DG=0x2, DAT=0x104, MSG=0x1, Data=0x00000058831FF238
[2025-04-17 16:01:08] DSM_Entry Parameters: Origin=0x00000158CDBC2488, Dest=0x00000158CDBC9D8C, DG=0x2, DAT=0x104, MSG=0x1, Data=0x00000058831FF238
[2025-04-17 16:01:08] DSM_Entry Parameters: Origin=0x00000158CDBC2488, Dest=0x00000158CDBC9D8C, DG=0x2, DAT=0x10b, MSG=0x1, Data=0x00000058831FEE38
[2025-04-17 16:01:08] DSM_Entry Parameters: Origin=0x00000158CDBC2488, Dest=0x00000158CDBC9D8C, DG=0x2, DAT=0x10b, MSG=0x1, Data=0x00000058831FEE38
[2025-04-17 16:01:08] DSM_Entry Parameters: Origin=0x00000158CDBC2488, Dest=0x00000158CDBC9D8C, DG=0x1, DAT=0x5, MSG=0x701, Data=0x00000058831FF2D4
[2025-04-17 16:01:08] DSM_Entry Parameters: Origin=0x00000158CDBC2488, Dest=0x00000158CDBC9D8C, DG=0x1, DAT=0x5, MSG=0x701, Data=0x00000058831FF2D4
[2025-04-17 16:01:08] DSM_Entry Parameters: Origin=0x00000158CDBC2488, Dest=0x00000158CDBC9D8C, DG=0x2, DAT=0x101, MSG=0x1, Data=0x00000158CDBC2550
[2025-04-17 16:01:08] DSM_Entry Parameters: Origin=0x00000158CDBC2488, Dest=0x00000158CDBC9D8C, DG=0x2, DAT=0x101, MSG=0x1, Data=0x00000158CDBC2550
[2025-04-17 16:01:08] DSM_Entry Parameters: Origin=0x00000158CDBC2488, Dest=0x00000158CDBC9D8C, DG=0x2, DAT=0x104, MSG=0x1, Data=0x00000058831FF238
[2025-04-17 16:01:08] DSM_Entry Parameters: Origin=0x00000158CDBC2488, Dest=0x00000158CDBC9D8C, DG=0x2, DAT=0x104, MSG=0x1, Data=0x00000058831FF238
[2025-04-17 16:01:08] DSM_Entry Parameters: Origin=0x00000158CDBC2488, Dest=0x00000158CDBC9D8C, DG=0x2, DAT=0x10b, MSG=0x1, Data=0x00000058831FEE38
[2025-04-17 16:01:08] DSM_Entry Parameters: Origin=0x00000158CDBC2488, Dest=0x00000158CDBC9D8C, DG=0x2, DAT=0x10b, MSG=0x1, Data=0x00000058831FEE38
[2025-04-17 16:01:08] DSM_Entry Parameters: Origin=0x00000158CDBC2488, Dest=0x00000158CDBC9D8C, DG=0x1, DAT=0x5, MSG=0x701, Data=0x00000058831FF2D4
[2025-04-17 16:01:08] DSM_Entry Parameters: Origin=0x00000158CDBC2488, Dest=0x00000158CDBC9D8C, DG=0x1, DAT=0x5, MSG=0x701, Data=0x00000058831FF2D4
[2025-04-17 16:01:08] DSM_Entry Parameters: Origin=0x00000158CDBC2488, Dest=0x00000158CDBC9D8C, DG=0x1, DAT=0x9, MSG=0x501, Data=0x00000158CDBC25E8
[2025-04-17 16:01:08] DSM_Entry Parameters: Origin=0x00000158CDBC2488, Dest=0x00000158CDBC9D8C, DG=0x1, DAT=0x9, MSG=0x501, Data=0x00000158CDBC25E8
[2025-04-17 16:01:08] J
[2025-04-17 16:01:08] === Starting Data Source Unloading Process ===
[2025-04-17 16:01:08] Current DSM State: 4
[2025-04-17 16:01:08] Attempting to close data source...
[2025-04-17 16:01:08] DSM_Entry Parameters: Origin=0x00000158CDBC2488, Dest=0x0000000000000000, DG=0x1, DAT=0x3, MSG=0x402, Data=0x00000158CDBC9D8C
[2025-04-17 16:01:08] DSM_Entry return code: 0
[2025-04-17 16:01:08] Data source successfully closed
[2025-04-17 16:01:08] DSM State set to 3
[2025-04-17 16:01:08] Data source pointer reset
[2025-04-17 16:01:08] === Data Source Unloading Process Completed ===
[2025-04-17 16:01:08] === Starting DSM Disconnection Process ===
[2025-04-17 16:01:08] Current DSM State: 3
[2025-04-17 16:01:08] Attempting to close DSM connection...
[2025-04-17 16:01:08] DSM_Entry Parameters: Origin=0x00000158CDBC2488, Dest=0x0000000000000000, DG=0x1, DAT=0x4, MSG=0x302, Data=0x00000158CDBC2480
[2025-04-17 16:01:08] DSM closed successfully
[2025-04-17 16:01:08] Unloading DSM library...
[2025-04-17 16:01:08] DSM State set to 2
[2025-04-17 16:01:08] === DSM Disconnection Process Completed ===
[2025-04-17 16:01:08] K
[2025-04-17 16:01:08] L
[2025-04-17 16:01:08] M

=== Log Ended at 2025-04-17 16:01:08 ===
